0:0:0:0:0:0:0:1 - - [27/Jan/2022:00:00:20 +0700] "POST /Servlet/Parameters HTTP/1.1" 200 1778
127.0.0.1 - - [27/Jan/2022:00:24:26 +0700] "GET / HTTP/1.1" 404 751
0:0:0:0:0:0:0:1 - - [27/Jan/2022:00:24:26 +0700] "GET /Servlet/Parameters HTTP/1.1" 200 3524
0:0:0:0:0:0:0:1 - - [27/Jan/2022:00:24:35 +0700] "GET /Servlet/Parameters HTTP/1.1" 200 3524
0:0:0:0:0:0:0:1 - - [27/Jan/2022:00:24:46 +0700] "POST /Servlet/Parameters HTTP/1.1" 200 2967
0:0:0:0:0:0:0:1 - - [27/Jan/2022:00:25:52 +0700] "POST /Servlet/Parameters HTTP/1.1" 200 3055
0:0:0:0:0:0:0:1 - - [27/Jan/2022:00:26:00 +0700] "GET /Servlet/Parameters HTTP/1.1" 200 3524
0:0:0:0:0:0:0:1 - - [27/Jan/2022:00:26:11 +0700] "POST /Servlet/Parameters HTTP/1.1" 200 3057
0:0:0:0:0:0:0:1 - - [27/Jan/2022:00:26:26 +0700] "GET /Servlet/Parameters HTTP/1.1" 200 3524
0:0:0:0:0:0:0:1 - - [27/Jan/2022:00:26:36 +0700] "POST /Servlet/Parameters HTTP/1.1" 200 1886
0:0:0:0:0:0:0:1 - - [27/Jan/2022:00:28:38 +0700] "GET /Servlet/Parameters HTTP/1.1" 200 3524
0:0:0:0:0:0:0:1 - - [27/Jan/2022:00:28:50 +0700] "POST /Servlet/Parameters HTTP/1.1" 200 1908
0:0:0:0:0:0:0:1 - - [27/Jan/2022:00:30:48 +0700] "POST /Servlet/Parameters HTTP/1.1" 200 1873
0:0:0:0:0:0:0:1 - - [27/Jan/2022:00:35:33 +0700] "GET /Servlet/Parameters HTTP/1.1" 500 136
0:0:0:0:0:0:0:1 - - [27/Jan/2022:00:40:39 +0700] "GET /Servlet/Parameters HTTP/1.1" 500 152
0:0:0:0:0:0:0:1 - - [27/Jan/2022:00:40:40 +0700] "GET /Servlet/Parameters HTTP/1.1" 500 152
127.0.0.1 - - [27/Jan/2022:00:41:32 +0700] "GET / HTTP/1.1" 404 751
0:0:0:0:0:0:0:1 - - [27/Jan/2022:00:41:33 +0700] "GET /Servlet/WEB-INF/error.jsp HTTP/1.1" 404 682
0:0:0:0:0:0:0:1 - - [27/Jan/2022:00:41:47 +0700] "GET /Servlet/Parameters HTTP/1.1" 500 152
0:0:0:0:0:0:0:1 - - [27/Jan/2022:00:41:57 +0700] "GET /Servlet/Parameters HTTP/1.1" 500 152
127.0.0.1 - - [27/Jan/2022:00:43:49 +0700] "GET / HTTP/1.1" 404 751
0:0:0:0:0:0:0:1 - - [27/Jan/2022:00:43:49 +0700] "GET /Servlet/WEB-INF/error.jsp HTTP/1.1" 404 682
0:0:0:0:0:0:0:1 - - [27/Jan/2022:00:43:59 +0700] "GET /Servlet/Parameters HTTP/1.1" 500 152
0:0:0:0:0:0:0:1 - - [27/Jan/2022:00:44:03 +0700] "GET /Servlet/Parameters HTTP/1.1" 500 152
127.0.0.1 - - [27/Jan/2022:00:48:17 +0700] "GET / HTTP/1.1" 404 751
0:0:0:0:0:0:0:1 - - [27/Jan/2022:00:48:18 +0700] "GET /Servlet/WEB-INF/show_parameters.jsp HTTP/1.1" 404 682
0:0:0:0:0:0:0:1 - - [27/Jan/2022:00:48:29 +0700] "GET /Servlet/Parameters HTTP/1.1" 500 110
127.0.0.1 - - [27/Jan/2022:10:42:17 +0700] "GET / HTTP/1.1" 404 751
0:0:0:0:0:0:0:1 - - [27/Jan/2022:10:42:18 +0700] "GET /Servlet/session HTTP/1.1" 200 129
127.0.0.1 - - [27/Jan/2022:11:01:14 +0700] "GET / HTTP/1.1" 404 751
0:0:0:0:0:0:0:1 - - [27/Jan/2022:11:01:14 +0700] "GET /Servlet/session HTTP/1.1" 200 129
127.0.0.1 - - [27/Jan/2022:11:24:04 +0700] "GET / HTTP/1.1" 404 751
0:0:0:0:0:0:0:1 - - [27/Jan/2022:11:24:06 +0700] "GET /Servlet/interServlet HTTP/1.1" 500 3904
127.0.0.1 - - [27/Jan/2022:11:31:00 +0700] "GET / HTTP/1.1" 404 751
0:0:0:0:0:0:0:1 - - [27/Jan/2022:11:31:01 +0700] "GET /Servlet/interServlet HTTP/1.1" 500 3890
127.0.0.1 - - [27/Jan/2022:11:36:13 +0700] "GET / HTTP/1.1" 404 751
0:0:0:0:0:0:0:1 - - [27/Jan/2022:11:36:15 +0700] "GET /Servlet/interServlet HTTP/1.1" 500 3935
127.0.0.1 - - [27/Jan/2022:11:37:56 +0700] "GET / HTTP/1.1" 404 751
0:0:0:0:0:0:0:1 - - [27/Jan/2022:11:37:58 +0700] "GET /Servlet/interServlet HTTP/1.1" 500 3893
127.0.0.1 - - [27/Jan/2022:11:39:45 +0700] "GET / HTTP/1.1" 404 751
0:0:0:0:0:0:0:1 - - [27/Jan/2022:11:39:46 +0700] "GET /Servlet/interServlet HTTP/1.1" 500 3507
127.0.0.1 - - [27/Jan/2022:11:42:08 +0700] "GET / HTTP/1.1" 404 751
0:0:0:0:0:0:0:1 - - [27/Jan/2022:11:42:09 +0700] "GET /Servlet/interServlet HTTP/1.1" 500 3507
127.0.0.1 - - [27/Jan/2022:11:47:20 +0700] "GET / HTTP/1.1" 404 751
0:0:0:0:0:0:0:1 - - [27/Jan/2022:11:47:22 +0700] "GET /Servlet/interServlet HTTP/1.1" 200 280
127.0.0.1 - - [27/Jan/2022:12:27:08 +0700] "GET / HTTP/1.1" 404 751
0:0:0:0:0:0:0:1 - - [27/Jan/2022:12:27:09 +0700] "GET /Servlet/WEB-INF/home.jsp HTTP/1.1" 404 682
0:0:0:0:0:0:0:1 - - [27/Jan/2022:12:27:17 +0700] "GET /Servlet/WEB-INF/home.jsp HTTP/1.1" 404 682
0:0:0:0:0:0:0:1 - - [27/Jan/2022:12:27:20 +0700] "GET /Servlet/ HTTP/1.1" 404 763
0:0:0:0:0:0:0:1 - - [27/Jan/2022:12:27:37 +0700] "GET /Servlet/home HTTP/1.1" 404 767
0:0:0:0:0:0:0:1 - - [27/Jan/2022:12:27:55 +0700] "GET /Servlet/home HTTP/1.1" 404 767
0:0:0:0:0:0:0:1 - - [27/Jan/2022:12:28:19 +0700] "GET /Servlet/Parameter HTTP/1.1" 404 772
0:0:0:0:0:0:0:1 - - [27/Jan/2022:12:28:22 +0700] "GET /Servlet/Parameters HTTP/1.1" 404 773
127.0.0.1 - - [27/Jan/2022:12:29:19 +0700] "GET / HTTP/1.1" 404 751
0:0:0:0:0:0:0:1 - - [27/Jan/2022:12:29:20 +0700] "GET /Servlet/home HTTP/1.1" 200 164
0:0:0:0:0:0:0:1 - - [27/Jan/2022:12:29:36 +0700] "GET /Servlet/home HTTP/1.1" 200 164
0:0:0:0:0:0:0:1 - - [27/Jan/2022:12:29:36 +0700] "GET /favicon.ico HTTP/1.1" 404 762
0:0:0:0:0:0:0:1 - - [27/Jan/2022:12:30:09 +0700] "GET /Servlet/home HTTP/1.1" 200 191
0:0:0:0:0:0:0:1 - - [27/Jan/2022:12:30:10 +0700] "GET /Servlet/interServlet HTTP/1.1" 200 280
127.0.0.1 - - [27/Jan/2022:22:11:20 +0700] "GET / HTTP/1.1" 404 751
0:0:0:0:0:0:0:1 - - [27/Jan/2022:22:11:21 +0700] "GET /Servlet/header HTTP/1.1" 404 769
127.0.0.1 - - [27/Jan/2022:22:11:58 +0700] "GET / HTTP/1.1" 404 751
0:0:0:0:0:0:0:1 - - [27/Jan/2022:22:11:59 +0700] "GET /Servlet/header HTTP/1.1" 302 -
0:0:0:0:0:0:0:1 - - [27/Jan/2022:22:12:09 +0700] "GET /Servlet/header HTTP/1.1" 302 -
127.0.0.1 - - [27/Jan/2022:23:02:40 +0700] "GET / HTTP/1.1" 404 751
0:0:0:0:0:0:0:1 - - [27/Jan/2022:23:02:41 +0700] "GET /Servlet/showHeader HTTP/1.1" 200 868
0:0:0:0:0:0:0:1 - - [27/Jan/2022:23:03:14 +0700] "GET /Servlet/showHeader HTTP/1.1" 200 852
0:0:0:0:0:0:0:1 - - [27/Jan/2022:23:03:20 +0700] "GET /Servlet/showHeader HTTP/1.1" 200 1146
0:0:0:0:0:0:0:1 - - [27/Jan/2022:23:03:21 +0700] "GET /favicon.ico HTTP/1.1" 404 762
127.0.0.1 - - [27/Jan/2022:23:05:41 +0700] "GET / HTTP/1.1" 404 751
0:0:0:0:0:0:0:1 - - [27/Jan/2022:23:05:42 +0700] "GET /Servlet/showHeader HTTP/1.1" 200 886
127.0.0.1 - - [27/Jan/2022:23:06:11 +0700] "GET / HTTP/1.1" 404 751
0:0:0:0:0:0:0:1 - - [27/Jan/2022:23:06:13 +0700] "GET /Servlet/showHeader HTTP/1.1" 200 902
0:0:0:0:0:0:0:1 - - [27/Jan/2022:23:07:01 +0700] "GET /Servlet/showHeader HTTP/1.1" 200 755
127.0.0.1 - - [27/Jan/2022:23:08:17 +0700] "GET / HTTP/1.1" 404 751
0:0:0:0:0:0:0:1 - - [27/Jan/2022:23:08:18 +0700] "GET /Servlet/showHeader HTTP/1.1" 200 902
127.0.0.1 - - [27/Jan/2022:23:10:05 +0700] "GET / HTTP/1.1" 404 751
0:0:0:0:0:0:0:1 - - [27/Jan/2022:23:10:06 +0700] "GET /Servlet/showHeader HTTP/1.1" 200 827
127.0.0.1 - - [27/Jan/2022:23:10:25 +0700] "GET / HTTP/1.1" 404 751
0:0:0:0:0:0:0:1 - - [27/Jan/2022:23:10:26 +0700] "GET /Servlet/showHeader HTTP/1.1" 200 853
0:0:0:0:0:0:0:1 - - [27/Jan/2022:23:10:35 +0700] "GET /Servlet/showHeader HTTP/1.1" 200 1245
0:0:0:0:0:0:0:1 - - [27/Jan/2022:23:13:32 +0700] "GET /Servlet/showHeader HTTP/1.1" 200 853
0:0:0:0:0:0:0:1 - - [27/Jan/2022:23:13:40 +0700] "GET /Servlet/showHeader HTTP/1.1" 200 1245
0:0:0:0:0:0:0:1 - - [27/Jan/2022:23:13:44 +0700] "GET /Servlet/showHeader HTTP/1.1" 200 1245
0:0:0:0:0:0:0:1 - - [27/Jan/2022:23:13:47 +0700] "GET /Servlet/showHeader HTTP/1.1" 200 1245
0:0:0:0:0:0:0:1 - - [27/Jan/2022:23:13:50 +0700] "GET /Servlet/showHeader HTTP/1.1" 200 1245
127.0.0.1 - - [27/Jan/2022:23:14:40 +0700] "GET / HTTP/1.1" 404 751
0:0:0:0:0:0:0:1 - - [27/Jan/2022:23:14:41 +0700] "GET /Servlet/showHeader HTTP/1.1" 200 801
127.0.0.1 - - [27/Jan/2022:23:15:22 +0700] "GET / HTTP/1.1" 404 751
0:0:0:0:0:0:0:1 - - [27/Jan/2022:23:15:23 +0700] "GET /Servlet/showHeader HTTP/1.1" 200 4556
127.0.0.1 - - [27/Jan/2022:23:17:48 +0700] "GET / HTTP/1.1" 404 751
0:0:0:0:0:0:0:1 - - [27/Jan/2022:23:17:49 +0700] "GET /Servlet/showHeader HTTP/1.1" 200 1447
127.0.0.1 - - [27/Jan/2022:23:18:15 +0700] "GET / HTTP/1.1" 404 751
0:0:0:0:0:0:0:1 - - [27/Jan/2022:23:18:17 +0700] "GET /Servlet/showHeader HTTP/1.1" 200 1281
127.0.0.1 - - [27/Jan/2022:23:18:42 +0700] "GET / HTTP/1.1" 404 751
0:0:0:0:0:0:0:1 - - [27/Jan/2022:23:18:44 +0700] "GET /Servlet/showHeader HTTP/1.1" 200 1281
127.0.0.1 - - [27/Jan/2022:23:20:24 +0700] "GET / HTTP/1.1" 404 751
0:0:0:0:0:0:0:1 - - [27/Jan/2022:23:20:26 +0700] "GET /Servlet/showHeader HTTP/1.1" 200 1728
0:0:0:0:0:0:0:1 - - [27/Jan/2022:23:21:12 +0700] "GET /Servlet/showHeader HTTP/1.1" 200 1634
0:0:0:0:0:0:0:1 - - [27/Jan/2022:23:21:14 +0700] "GET /Servlet/showHeader HTTP/1.1" 200 1634
0:0:0:0:0:0:0:1 - - [27/Jan/2022:23:21:25 +0700] "GET /Servlet/showHeader HTTP/1.1" 200 2518
0:0:0:0:0:0:0:1 - - [27/Jan/2022:23:21:25 +0700] "GET /favicon.ico HTTP/1.1" 404 762
127.0.0.1 - - [27/Jan/2022:23:24:01 +0700] "GET / HTTP/1.1" 404 751
0:0:0:0:0:0:0:1 - - [27/Jan/2022:23:24:02 +0700] "GET /Servlet/showHeader HTTP/1.1" 200 1728
127.0.0.1 - - [27/Jan/2022:23:26:04 +0700] "GET / HTTP/1.1" 404 751
0:0:0:0:0:0:0:1 - - [27/Jan/2022:23:26:06 +0700] "GET /Servlet/showHeader HTTP/1.1" 200 1728
127.0.0.1 - - [27/Jan/2022:23:27:44 +0700] "GET / HTTP/1.1" 404 751
0:0:0:0:0:0:0:1 - - [27/Jan/2022:23:27:46 +0700] "GET /Servlet/showHeader HTTP/1.1" 200 1770
